// Jest Snapshot v1, https://goo.gl/fbAQLP

exports[`DeviceSummary rendering Device Summary with no data 1`] = `
<DocumentFragment>
  <div
    class="ion-page"
  >
    <ion-header>
      <ion-toolbar>
        <ion-title>
          Device Summary
        </ion-title>
      </ion-toolbar>
    </ion-header>
    <ion-content />
  </div>
</DocumentFragment>
`;
